Testing 7-base_geometry.py ::
=======================

Import function::
===================
>>> XD = __import__('7-base_geometry').BaseGeometry

Testing 1 ::
============
>>> XD.integer_validator("name", 5)

Testing 2 ::
============
>>> XD.integer_validator("age", (4,))
Traceback (most recent call last):
    ...
TypeError: age must be an integer

Testing 3 ::
============
>>> XD.integer_validator("age", None)
Traceback (most recent call last):
    ...
TypeError: age must be an integer

Testing 4 ::
============
>>> XD.area()
Traceback (most recent call last):
    ...
Exception: area() is not implemented

Testing 5 ::
============
>>> XD.integer_validator("name", -5)
Traceback (most recent call last):
    ...
ValueError: name must be greater than 0

Testing 6 ::
============
>>> XD.integer_validator("age", {3, 4})
Traceback (most recent call last):
    ...
TypeError: age must be an integer

Testing 7 ::
============
>>> XD.integer_validator("name", 0)
Traceback (most recent call last):
    ...
ValueError: name must be greater than 0

Testing 8 ::
============
>>> XD.integer_validator("name")
Traceback (most recent call last):
    ...
TypeError: integer_validator() missing 1 required positional argument: 'value'

Testing 9 ::
============
>>> XD.area(5)
Traceback (most recent call last):
    ...
TypeError: area() takes 1 positional argument but 2 were given
